Archive member included because of file (symbol)

c:/program files (x86)/atmel/atmel toolchain/avr8 gcc/native/3.4.1061/avr8-gnu-toolchain/bin/../lib/gcc/avr/4.8.1/avr5\libgcc.a(_exit.o)
                              c:/program files (x86)/atmel/atmel toolchain/avr8 gcc/native/3.4.1061/avr8-gnu-toolchain/bin/../lib/gcc/avr/4.8.1/../../../../avr/lib/avr5/crtm328p.o (exit)
c:/program files (x86)/atmel/atmel toolchain/avr8 gcc/native/3.4.1061/avr8-gnu-toolchain/bin/../lib/gcc/avr/4.8.1/avr5\libgcc.a(_clear_bss.o)
                              Timing.o (__do_clear_bss)
c:/program files (x86)/atmel/atmel toolchain/avr8 gcc/native/3.4.1061/avr8-gnu-toolchain/bin/../lib/gcc/avr/4.8.1/avr5\libgcc.a(_ctors.o)
                              PowerOutlet.o (__do_global_ctors)
c:/program files (x86)/atmel/atmel toolchain/avr8 gcc/native/3.4.1061/avr8-gnu-toolchain/bin/../lib/gcc/avr/4.8.1/avr5\libgcc.a(_dtors.o)
                              PowerOutlet.o (__do_global_dtors)
c:/program files (x86)/atmel/atmel toolchain/avr8 gcc/native/3.4.1061/avr8-gnu-toolchain/bin/../lib/gcc/avr/4.8.1/avr5\libgcc.a(_cmpdi2_s8.o)
                              RF24.o (__cmpdi2_s8)
c:/program files (x86)/atmel/atmel toolchain/avr8 gcc/native/3.4.1061/avr8-gnu-toolchain/bin/../lib/gcc/avr/4.8.1/avr5\libgcc.a(_tablejump.o)
                              c:/program files (x86)/atmel/atmel toolchain/avr8 gcc/native/3.4.1061/avr8-gnu-toolchain/bin/../lib/gcc/avr/4.8.1/avr5\libgcc.a(_ctors.o) (__tablejump__)
c:/program files (x86)/atmel/atmel toolchain/avr8 gcc/native/3.4.1061/avr8-gnu-toolchain/bin/../lib/gcc/avr/4.8.1/../../../../avr/lib/avr5\libc.a(strlen_P.o)
                              RF24.o (__strlen_P)
c:/program files (x86)/atmel/atmel toolchain/avr8 gcc/native/3.4.1061/avr8-gnu-toolchain/bin/../lib/gcc/avr/4.8.1/../../../../avr/lib/avr5\libc.a(fdevopen.o)
                              PowerOutlet.o (fdevopen)
c:/program files (x86)/atmel/atmel toolchain/avr8 gcc/native/3.4.1061/avr8-gnu-toolchain/bin/../lib/gcc/avr/4.8.1/../../../../avr/lib/avr5\libc.a(iob.o)
                              PowerOutlet.o (__iob)
c:/program files (x86)/atmel/atmel toolchain/avr8 gcc/native/3.4.1061/avr8-gnu-toolchain/bin/../lib/gcc/avr/4.8.1/../../../../avr/lib/avr5\libc.a(printf_p.o)
                              RF24.o (printf_P)
c:/program files (x86)/atmel/atmel toolchain/avr8 gcc/native/3.4.1061/avr8-gnu-toolchain/bin/../lib/gcc/avr/4.8.1/../../../../avr/lib/avr5\libc.a(vfprintf_std.o)
                              c:/program files (x86)/atmel/atmel toolchain/avr8 gcc/native/3.4.1061/avr8-gnu-toolchain/bin/../lib/gcc/avr/4.8.1/../../../../avr/lib/avr5\libc.a(printf_p.o) (vfprintf)
c:/program files (x86)/atmel/atmel toolchain/avr8 gcc/native/3.4.1061/avr8-gnu-toolchain/bin/../lib/gcc/avr/4.8.1/../../../../avr/lib/avr5\libc.a(calloc.o)
                              c:/program files (x86)/atmel/atmel toolchain/avr8 gcc/native/3.4.1061/avr8-gnu-toolchain/bin/../lib/gcc/avr/4.8.1/../../../../avr/lib/avr5\libc.a(fdevopen.o) (calloc)
c:/program files (x86)/atmel/atmel toolchain/avr8 gcc/native/3.4.1061/avr8-gnu-toolchain/bin/../lib/gcc/avr/4.8.1/../../../../avr/lib/avr5\libc.a(malloc.o)
                              c:/program files (x86)/atmel/atmel toolchain/avr8 gcc/native/3.4.1061/avr8-gnu-toolchain/bin/../lib/gcc/avr/4.8.1/../../../../avr/lib/avr5\libc.a(calloc.o) (malloc)
c:/program files (x86)/atmel/atmel toolchain/avr8 gcc/native/3.4.1061/avr8-gnu-toolchain/bin/../lib/gcc/avr/4.8.1/../../../../avr/lib/avr5\libc.a(strnlen_P.o)
                              c:/program files (x86)/atmel/atmel toolchain/avr8 gcc/native/3.4.1061/avr8-gnu-toolchain/bin/../lib/gcc/avr/4.8.1/../../../../avr/lib/avr5\libc.a(vfprintf_std.o) (strnlen_P)
c:/program files (x86)/atmel/atmel toolchain/avr8 gcc/native/3.4.1061/avr8-gnu-toolchain/bin/../lib/gcc/avr/4.8.1/../../../../avr/lib/avr5\libc.a(memset.o)
                              c:/program files (x86)/atmel/atmel toolchain/avr8 gcc/native/3.4.1061/avr8-gnu-toolchain/bin/../lib/gcc/avr/4.8.1/../../../../avr/lib/avr5\libc.a(calloc.o) (memset)
c:/program files (x86)/atmel/atmel toolchain/avr8 gcc/native/3.4.1061/avr8-gnu-toolchain/bin/../lib/gcc/avr/4.8.1/../../../../avr/lib/avr5\libc.a(strnlen.o)
                              c:/program files (x86)/atmel/atmel toolchain/avr8 gcc/native/3.4.1061/avr8-gnu-toolchain/bin/../lib/gcc/avr/4.8.1/../../../../avr/lib/avr5\libc.a(vfprintf_std.o) (strnlen)
c:/program files (x86)/atmel/atmel toolchain/avr8 gcc/native/3.4.1061/avr8-gnu-toolchain/bin/../lib/gcc/avr/4.8.1/../../../../avr/lib/avr5\libc.a(fputc.o)
                              c:/program files (x86)/atmel/atmel toolchain/avr8 gcc/native/3.4.1061/avr8-gnu-toolchain/bin/../lib/gcc/avr/4.8.1/../../../../avr/lib/avr5\libc.a(vfprintf_std.o) (fputc)
c:/program files (x86)/atmel/atmel toolchain/avr8 gcc/native/3.4.1061/avr8-gnu-toolchain/bin/../lib/gcc/avr/4.8.1/../../../../avr/lib/avr5\libc.a(ultoa_invert.o)
                              c:/program files (x86)/atmel/atmel toolchain/avr8 gcc/native/3.4.1061/avr8-gnu-toolchain/bin/../lib/gcc/avr/4.8.1/../../../../avr/lib/avr5\libc.a(vfprintf_std.o) (__ultoa_invert)
c:/program files (x86)/atmel/atmel toolchain/avr8 gcc/native/3.4.1061/avr8-gnu-toolchain/bin/../lib/gcc/avr/4.8.1/avr5\libgcc.a(_copy_data.o)
                              c:/program files (x86)/atmel/atmel toolchain/avr8 gcc/native/3.4.1061/avr8-gnu-toolchain/bin/../lib/gcc/avr/4.8.1/../../../../avr/lib/avr5\libc.a(malloc.o) (__do_copy_data)
c:/program files (x86)/atmel/atmel toolchain/avr8 gcc/native/3.4.1061/avr8-gnu-toolchain/bin/../lib/gcc/avr/4.8.1/avr5\libgcc.a(_prologue.o)
                              c:/program files (x86)/atmel/atmel toolchain/avr8 gcc/native/3.4.1061/avr8-gnu-toolchain/bin/../lib/gcc/avr/4.8.1/../../../../avr/lib/avr5\libc.a(printf_p.o) (__prologue_saves__)
c:/program files (x86)/atmel/atmel toolchain/avr8 gcc/native/3.4.1061/avr8-gnu-toolchain/bin/../lib/gcc/avr/4.8.1/avr5\libgcc.a(_epilogue.o)
                              c:/program files (x86)/atmel/atmel toolchain/avr8 gcc/native/3.4.1061/avr8-gnu-toolchain/bin/../lib/gcc/avr/4.8.1/../../../../avr/lib/avr5\libc.a(printf_p.o) (__epilogue_restores__)

Allocating common symbols
Common symbol       size              file

__brkval            0x2               c:/program files (x86)/atmel/atmel toolchain/avr8 gcc/native/3.4.1061/avr8-gnu-toolchain/bin/../lib/gcc/avr/4.8.1/../../../../avr/lib/avr5\libc.a(malloc.o)
__flp               0x2               c:/program files (x86)/atmel/atmel toolchain/avr8 gcc/native/3.4.1061/avr8-gnu-toolchain/bin/../lib/gcc/avr/4.8.1/../../../../avr/lib/avr5\libc.a(malloc.o)
__iob               0x6               c:/program files (x86)/atmel/atmel toolchain/avr8 gcc/native/3.4.1061/avr8-gnu-toolchain/bin/../lib/gcc/avr/4.8.1/../../../../avr/lib/avr5\libc.a(iob.o)

Discarded input sections

 .data          0x00000000        0x0 c:/program files (x86)/atmel/atmel toolchain/avr8 gcc/native/3.4.1061/avr8-gnu-toolchain/bin/../lib/gcc/avr/4.8.1/../../../../avr/lib/avr5/crtm328p.o
 .bss           0x00000000        0x0 c:/program files (x86)/atmel/atmel toolchain/avr8 gcc/native/3.4.1061/avr8-gnu-toolchain/bin/../lib/gcc/avr/4.8.1/../../../../avr/lib/avr5/crtm328p.o
 .text          0x00000000        0x0 MQTTSN.o
 .data          0x00000000        0x0 MQTTSN.o
 .bss           0x00000000        0x0 MQTTSN.o
 .text._ZN6MQTTSN4pingEv
                0x00000000       0x80 MQTTSN.o
 .text._ZN6MQTTSN12pingresponseEv
                0x00000000       0x7a MQTTSN.o
 .text._ZN6MQTTSN9subscribeEv
                0x00000000        0x2 MQTTSN.o
 .text._ZN6MQTTSN11unsubscribeEv
                0x00000000        0x2 MQTTSN.o
 .text._ZN6MQTTSN7publishEv
                0x00000000        0x2 MQTTSN.o
 .text          0x00000000        0x0 MQTTSNPacket.o
 .data          0x00000000        0x0 MQTTSNPacket.o
 .bss           0x00000000        0x0 MQTTSNPacket.o
 .text._ZN12MQTTSNPacket11load_packetEPh
                0x00000000      0x3c8 MQTTSNPacket.o
 .text          0x00000000        0x0 RF24.o
 .data          0x00000000        0x0 RF24.o
 .bss           0x00000000        0x0 RF24.o
 .text._ZN4RF242ceEi
                0x00000000        0xe RF24.o
 .text._ZN4RF2416print_observe_txEh
                0x00000000       0x34 RF24.o
 .text._ZN4RF2414setPayloadSizeEh
                0x00000000        0xc RF24.o
 .text._ZN4RF2414getPayloadSizeEv
                0x00000000        0x6 RF24.o
 .text._ZN4RF247powerUpEv
                0x00000000       0x1e RF24.o
 .text._ZN4RF2416enableAckPayloadEv
                0x00000000       0x58 RF24.o
 .text._ZN4RF2415writeAckPayloadEhPKvh
                0x00000000       0x60 RF24.o
 .text._ZN4RF2421isAckPayloadAvailableEv
                0x00000000        0x8 RF24.o
 .text._ZN4RF2410isPVariantEv
                0x00000000        0x6 RF24.o
 .text._ZN4RF2410setAutoAckEb
                0x00000000       0x18 RF24.o
 .text._ZN4RF2410setAutoAckEhb
                0x00000000       0x5a RF24.o
 .text._ZN4RF2411testCarrierEv
                0x00000000        0xa RF24.o
 .text._ZN4RF247testRPDEv
                0x00000000        0xa RF24.o
 .text._ZN4RF2410disableCRCEv
                0x00000000       0x1e RF24.o
 .progmem.data._ZZN4RF2416print_observe_txEhE3__c
                0x00000000       0x2a RF24.o
 .text          0x00000000        0x0 SensorNet.o
 .data          0x00000000        0x0 SensorNet.o
 .bss           0x00000000        0x0 SensorNet.o
 .text._ZN9SensorNet9getpacketEPh
                0x00000000        0xc SensorNet.o
 .text          0x00000000        0x0 SPI.o
 .data          0x00000000        0x0 SPI.o
 .bss           0x00000000        0x0 SPI.o
 .text._ZN3SPI4stopEv
                0x00000000        0x8 SPI.o
 .text          0x00000000        0x0 Timing.o
 .data          0x00000000        0x0 Timing.o
 .bss           0x00000000        0x0 Timing.o
 .text          0x00000000        0x0 PowerOutlet.o
 .data          0x00000000        0x0 PowerOutlet.o
 .bss           0x00000000        0x0 PowerOutlet.o
 .text          0x00000000        0x0 test.o
 .data          0x00000000        0x0 test.o
 .bss           0x00000000        0x0 test.o
 .text._ZN4testC2Ev
                0x00000000        0x2 test.o
 .text._ZN4testD2Ev
                0x00000000        0x2 test.o
 .debug_info    0x00000000      0x167 test.o
 .debug_abbrev  0x00000000       0xea test.o
 .debug_aranges
                0x00000000       0x28 test.o
 .debug_ranges  0x00000000       0x18 test.o
 .debug_line    0x00000000       0x53 test.o
 .debug_str     0x00000000      0x14a test.o
 .comment       0x00000000       0x31 test.o
 .debug_frame   0x00000000       0x34 test.o
 .text          0x00000000        0x0 c:/program files (x86)/atmel/atmel toolchain/avr8 gcc/native/3.4.1061/avr8-gnu-toolchain/bin/../lib/gcc/avr/4.8.1/avr5\libgcc.a(_exit.o)
 .data          0x00000000        0x0 c:/program files (x86)/atmel/atmel toolchain/avr8 gcc/native/3.4.1061/avr8-gnu-toolchain/bin/../lib/gcc/avr/4.8.1/avr5\libgcc.a(_exit.o)
 .bss           0x00000000        0x0 c:/program files (x86)/atmel/atmel toolchain/avr8 gcc/native/3.4.1061/avr8-gnu-toolchain/bin/../lib/gcc/avr/4.8.1/avr5\libgcc.a(_exit.o)
 .text.libgcc.mul
                0x00000000        0x0 c:/program files (x86)/atmel/atmel toolchain/avr8 gcc/native/3.4.1061/avr8-gnu-toolchain/bin/../lib/gcc/avr/4.8.1/avr5\libgcc.a(_exit.o)
 .text.libgcc.div
                0x00000000        0x0 c:/program files (x86)/atmel/atmel toolchain/avr8 gcc/native/3.4.1061/avr8-gnu-toolchain/bin/../lib/gcc/avr/4.8.1/avr5\libgcc.a(_exit.o)
 .text.libgcc   0x00000000        0x0 c:/program files (x86)/atmel/atmel toolchain/avr8 gcc/native/3.4.1061/avr8-gnu-toolchain/bin/../lib/gcc/avr/4.8.1/avr5\libgcc.a(_exit.o)
 .text.libgcc.prologue
                0x00000000        0x0 c:/program files (x86)/atmel/atmel toolchain/avr8 gcc/native/3.4.1061/avr8-gnu-toolchain/bin/../lib/gcc/avr/4.8.1/avr5\libgcc.a(_exit.o)
 .text.libgcc.builtins
                0x00000000        0x0 c:/program files (x86)/atmel/atmel toolchain/avr8 gcc/native/3.4.1061/avr8-gnu-toolchain/bin/../lib/gcc/avr/4.8.1/avr5\libgcc.a(_exit.o)
 .text.libgcc.fmul
                0x00000000        0x0 c:/program files (x86)/atmel/atmel toolchain/avr8 gcc/native/3.4.1061/avr8-gnu-toolchain/bin/../lib/gcc/avr/4.8.1/avr5\libgcc.a(_exit.o)
 .text.libgcc.fixed
                0x00000000        0x0 c:/program files (x86)/atmel/atmel toolchain/avr8 gcc/native/3.4.1061/avr8-gnu-toolchain/bin/../lib/gcc/avr/4.8.1/avr5\libgcc.a(_exit.o)
 .text          0x00000000        0x0 c:/program files (x86)/atmel/atmel toolchain/avr8 gcc/native/3.4.1061/avr8-gnu-toolchain/bin/../lib/gcc/avr/4.8.1/avr5\libgcc.a(_clear_bss.o)
 .data          0x00000000        0x0 c:/program files (x86)/atmel/atmel toolchain/avr8 gcc/native/3.4.1061/avr8-gnu-toolchain/bin/../lib/gcc/avr/4.8.1/avr5\libgcc.a(_clear_bss.o)
 .bss           0x00000000        0x0 c:/program files (x86)/atmel/atmel toolchain/avr8 gcc/native/3.4.1061/avr8-gnu-toolchain/bin/../lib/gcc/avr/4.8.1/avr5\libgcc.a(_clear_bss.o)
 .text.libgcc.mul
                0x00000000        0x0 c:/program files (x86)/atmel/atmel toolchain/avr8 gcc/native/3.4.1061/avr8-gnu-toolchain/bin/../lib/gcc/avr/4.8.1/avr5\libgcc.a(_clear_bss.o)
 .text.libgcc.div
                0x00000000        0x0 c:/program files (x86)/atmel/atmel toolchain/avr8 gcc/native/3.4.1061/avr8-gnu-toolchain/bin/../lib/gcc/avr/4.8.1/avr5\libgcc.a(_clear_bss.o)
 .text.libgcc   0x00000000        0x0 c:/program files (x86)/atmel/atmel toolchain/avr8 gcc/native/3.4.1061/avr8-gnu-toolchain/bin/../lib/gcc/avr/4.8.1/avr5\libgcc.a(_clear_bss.o)
 .text.libgcc.prologue
                0x00000000        0x0 c:/program files (x86)/atmel/atmel toolchain/avr8 gcc/native/3.4.1061/avr8-gnu-toolchain/bin/../lib/gcc/avr/4.8.1/avr5\libgcc.a(_clear_bss.o)
 .text.libgcc.builtins
                0x00000000        0x0 c:/program files (x86)/atmel/atmel toolchain/avr8 gcc/native/3.4.1061/avr8-gnu-toolchain/bin/../lib/gcc/avr/4.8.1/avr5\libgcc.a(_clear_bss.o)
 .text.libgcc.fmul
                0x00000000        0x0 c:/program files (x86)/atmel/atmel toolchain/avr8 gcc/native/3.4.1061/avr8-gnu-toolchain/bin/../lib/gcc/avr/4.8.1/avr5\libgcc.a(_clear_bss.o)
 .text.libgcc.fixed
                0x00000000        0x0 c:/program files (x86)/atmel/atmel toolchain/avr8 gcc/native/3.4.1061/avr8-gnu-toolchain/bin/../lib/gcc/avr/4.8.1/avr5\libgcc.a(_clear_bss.o)
 .text          0x00000000        0x0 c:/program files (x86)/atmel/atmel toolchain/avr8 gcc/native/3.4.1061/avr8-gnu-toolchain/bin/../lib/gcc/avr/4.8.1/avr5\libgcc.a(_ctors.o)
 .data          0x00000000        0x0 c:/program files (x86)/atmel/atmel toolchain/avr8 gcc/native/3.4.1061/avr8-gnu-toolchain/bin/../lib/gcc/avr/4.8.1/avr5\libgcc.a(_ctors.o)
 .bss           0x00000000        0x0 c:/program files (x86)/atmel/atmel toolchain/avr8 gcc/native/3.4.1061/avr8-gnu-toolchain/bin/../lib/gcc/avr/4.8.1/avr5\libgcc.a(_ctors.o)
 .text.libgcc.mul
                0x00000000        0x0 c:/program files (x86)/atmel/atmel toolchain/avr8 gcc/native/3.4.1061/avr8-gnu-toolchain/bin/../lib/gcc/avr/4.8.1/avr5\libgcc.a(_ctors.o)
 .text.libgcc.div
                0x00000000        0x0 c:/program files (x86)/atmel/atmel toolchain/avr8 gcc/native/3.4.1061/avr8-gnu-toolchain/bin/../lib/gcc/avr/4.8.1/avr5\libgcc.a(_ctors.o)
 .text.libgcc   0x00000000        0x0 c:/program files (x86)/atmel/atmel toolchain/avr8 gcc/native/3.4.1061/avr8-gnu-toolchain/bin/../lib/gcc/avr/4.8.1/avr5\libgcc.a(_ctors.o)
 .text.libgcc.prologue
                0x00000000        0x0 c:/program files (x86)/atmel/atmel toolchain/avr8 gcc/native/3.4.1061/avr8-gnu-toolchain/bin/../lib/gcc/avr/4.8.1/avr5\libgcc.a(_ctors.o)
 .text.libgcc.builtins
                0x00000000        0x0 c:/program files (x86)/atmel/atmel toolchain/avr8 gcc/native/3.4.1061/avr8-gnu-toolchain/bin/../lib/gcc/avr/4.8.1/avr5\libgcc.a(_ctors.o)
 .text.libgcc.fmul
                0x00000000        0x0 c:/program files (x86)/atmel/atmel toolchain/avr8 gcc/native/3.4.1061/avr8-gnu-toolchain/bin/../lib/gcc/avr/4.8.1/avr5\libgcc.a(_ctors.o)
 .text.libgcc.fixed
                0x00000000        0x0 c:/program files (x86)/atmel/atmel toolchain/avr8 gcc/native/3.4.1061/avr8-gnu-toolchain/bin/../lib/gcc/avr/4.8.1/avr5\libgcc.a(_ctors.o)
 .text          0x00000000        0x0 c:/program files (x86)/atmel/atmel toolchain/avr8 gcc/native/3.4.1061/avr8-gnu-toolchain/bin/../lib/gcc/avr/4.8.1/avr5\libgcc.a(_dtors.o)
 .data          0x00000000        0x0 c:/program files (x86)/atmel/atmel toolchain/avr8 gcc/native/3.4.1061/avr8-gnu-toolchain/bin/../lib/gcc/avr/4.8.1/avr5\libgcc.a(_dtors.o)
 .bss           0x00000000        0x0 c:/program files (x86)/atmel/atmel toolchain/avr8 gcc/native/3.4.1061/avr8-gnu-toolchain/bin/../lib/gcc/avr/4.8.1/avr5\libgcc.a(_dtors.o)
 .text.libgcc.mul
                0x00000000        0x0 c:/program files (x86)/atmel/atmel toolchain/avr8 gcc/native/3.4.1061/avr8-gnu-toolchain/bin/../lib/gcc/avr/4.8.1/avr5\libgcc.a(_dtors.o)
 .text.libgcc.div
                0x00000000        0x0 c:/program files (x86)/atmel/atmel toolchain/avr8 gcc/native/3.4.1061/avr8-gnu-toolchain/bin/../lib/gcc/avr/4.8.1/avr5\libgcc.a(_dtors.o)
 .text.libgcc   0x00000000        0x0 c:/program files (x86)/atmel/atmel toolchain/avr8 gcc/native/3.4.1061/avr8-gnu-toolchain/bin/../lib/gcc/avr/4.8.1/avr5\libgcc.a(_dtors.o)
 .text.libgcc.prologue
                0x00000000        0x0 c:/program files (x86)/atmel/atmel toolchain/avr8 gcc/native/3.4.1061/avr8-gnu-toolchain/bin/../lib/gcc/avr/4.8.1/avr5\libgcc.a(_dtors.o)
 .text.libgcc.builtins
                0x00000000        0x0 c:/program files (x86)/atmel/atmel toolchain/avr8 gcc/native/3.4.1061/avr8-gnu-toolchain/bin/../lib/gcc/avr/4.8.1/avr5\libgcc.a(_dtors.o)
 .text.libgcc.fmul
                0x00000000        0x0 c:/program files (x86)/atmel/atmel toolchain/avr8 gcc/native/3.4.1061/avr8-gnu-toolchain/bin/../lib/gcc/avr/4.8.1/avr5\libgcc.a(_dtors.o)
 .text.libgcc.fixed
                0x00000000        0x0 c:/program files (x86)/atmel/atmel toolchain/avr8 gcc/native/3.4.1061/avr8-gnu-toolchain/bin/../lib/gcc/avr/4.8.1/avr5\libgcc.a(_dtors.o)
 .text          0x00000000        0x0 c:/program files (x86)/atmel/atmel toolchain/avr8 gcc/native/3.4.1061/avr8-gnu-toolchain/bin/../lib/gcc/avr/4.8.1/avr5\libgcc.a(_cmpdi2_s8.o)
 .data          0x00000000        0x0 c:/program files (x86)/atmel/atmel toolchain/avr8 gcc/native/3.4.1061/avr8-gnu-toolchain/bin/../lib/gcc/avr/4.8.1/avr5\libgcc.a(_cmpdi2_s8.o)
 .bss           0x00000000        0x0 c:/program files (x86)/atmel/atmel toolchain/avr8 gcc/native/3.4.1061/avr8-gnu-toolchain/bin/../lib/gcc/avr/4.8.1/avr5\libgcc.a(_cmpdi2_s8.o)
 .text.libgcc.mul
                0x00000000        0x0 c:/program files (x86)/atmel/atmel toolchain/avr8 gcc/native/3.4.1061/avr8-gnu-toolchain/bin/../lib/gcc/avr/4.8.1/avr5\libgcc.a(_cmpdi2_s8.o)
 .text.libgcc.div
                0x00000000        0x0 c:/program files (x86)/atmel/atmel toolchain/avr8 gcc/native/3.4.1061/avr8-gnu-toolchain/bin/../lib/gcc/avr/4.8.1/avr5\libgcc.a(_cmpdi2_s8.o)
 .text.libgcc.prologue
                0x00000000        0x0 c:/program files (x86)/atmel/atmel toolchain/avr8 gcc/native/3.4.1061/avr8-gnu-toolchain/bin/../lib/gcc/avr/4.8.1/avr5\libgcc.a(_cmpdi2_s8.o)
 .text.libgcc.builtins
                0x00000000        0x0 c:/program files (x86)/atmel/atmel toolchain/avr8 gcc/native/3.4.1061/avr8-gnu-toolchain/bin/../lib/gcc/avr/4.8.1/avr5\libgcc.a(_cmpdi2_s8.o)
 .text.libgcc.fmul
                0x00000000        0x0 c:/program files (x86)/atmel/atmel toolchain/avr8 gcc/native/3.4.1061/avr8-gnu-toolchain/bin/../lib/gcc/avr/4.8.1/avr5\libgcc.a(_cmpdi2_s8.o)
 .text.libgcc.fixed
                0x00000000        0x0 c:/program files (x86)/atmel/atmel toolchain/avr8 gcc/native/3.4.1061/avr8-gnu-toolchain/bin/../lib/gcc/avr/4.8.1/avr5\libgcc.a(_cmpdi2_s8.o)
 .text          0x00000000        0x0 c:/program files (x86)/atmel/atmel toolchain/avr8 gcc/native/3.4.1061/avr8-gnu-toolchain/bin/../lib/gcc/avr/4.8.1/avr5\libgcc.a(_tablejump.o)
 .data          0x00000000        0x0 c:/program files (x86)/atmel/atmel toolchain/avr8 gcc/native/3.4.1061/avr8-gnu-toolchain/bin/../lib/gcc/avr/4.8.1/avr5\libgcc.a(_tablejump.o)
 .bss           0x00000000        0x0 c:/program files (x86)/atmel/atmel toolchain/avr8 gcc/native/3.4.1061/avr8-gnu-toolchain/bin/../lib/gcc/avr/4.8.1/avr5\libgcc.a(_tablejump.o)
 .text.libgcc.mul
                0x00000000        0x0 c:/program files (x86)/atmel/atmel toolchain/avr8 gcc/native/3.4.1061/avr8-gnu-toolchain/bin/../lib/gcc/avr/4.8.1/avr5\libgcc.a(_tablejump.o)
 .text.libgcc.div
                0x00000000        0x0 c:/program files (x86)/atmel/atmel toolchain/avr8 gcc/native/3.4.1061/avr8-gnu-toolchain/bin/../lib/gcc/avr/4.8.1/avr5\libgcc.a(_tablejump.o)
 .text.libgcc.prologue
                0x00000000        0x0 c:/program files (x86)/atmel/atmel toolchain/avr8 gcc/native/3.4.1061/avr8-gnu-toolchain/bin/../lib/gcc/avr/4.8.1/avr5\libgcc.a(_tablejump.o)
 .text.libgcc.builtins
                0x00000000        0x0 c:/program files (x86)/atmel/atmel toolchain/avr8 gcc/native/3.4.1061/avr8-gnu-toolchain/bin/../lib/gcc/avr/4.8.1/avr5\libgcc.a(_tablejump.o)
 .text.libgcc.fmul
                0x00000000        0x0 c:/program files (x86)/atmel/atmel toolchain/avr8 gcc/native/3.4.1061/avr8-gnu-toolchain/bin/../lib/gcc/avr/4.8.1/avr5\libgcc.a(_tablejump.o)
 .text.libgcc.fixed
                0x00000000        0x0 c:/program files (x86)/atmel/atmel toolchain/avr8 gcc/native/3.4.1061/avr8-gnu-toolchain/bin/../lib/gcc/avr/4.8.1/avr5\libgcc.a(_tablejump.o)
 .text          0x00000000        0x0 c:/program files (x86)/atmel/atmel toolchain/avr8 gcc/native/3.4.1061/avr8-gnu-toolchain/bin/../lib/gcc/avr/4.8.1/../../../../avr/lib/avr5\libc.a(strlen_P.o)
 .data          0x00000000        0x0 c:/program files (x86)/atmel/atmel toolchain/avr8 gcc/native/3.4.1061/avr8-gnu-toolchain/bin/../lib/gcc/avr/4.8.1/../../../../avr/lib/avr5\libc.a(strlen_P.o)
 .bss           0x00000000        0x0 c:/program files (x86)/atmel/atmel toolchain/avr8 gcc/native/3.4.1061/avr8-gnu-toolchain/bin/../lib/gcc/avr/4.8.1/../../../../avr/lib/avr5\libc.a(strlen_P.o)
 .text          0x00000000        0x0 c:/program files (x86)/atmel/atmel toolchain/avr8 gcc/native/3.4.1061/avr8-gnu-toolchain/bin/../lib/gcc/avr/4.8.1/../../../../avr/lib/avr5\libc.a(fdevopen.o)
 .data          0x00000000        0x0 c:/program files (x86)/atmel/atmel toolchain/avr8 gcc/native/3.4.1061/avr8-gnu-toolchain/bin/../lib/gcc/avr/4.8.1/../../../../avr/lib/avr5\libc.a(fdevopen.o)
 .bss           0x00000000        0x0 c:/program files (x86)/atmel/atmel toolchain/avr8 gcc/native/3.4.1061/avr8-gnu-toolchain/bin/../lib/gcc/avr/4.8.1/../../../../avr/lib/avr5\libc.a(fdevopen.o)
 .text          0x00000000        0x0 c:/program files (x86)/atmel/atmel toolchain/avr8 gcc/native/3.4.1061/avr8-gnu-toolchain/bin/../lib/gcc/avr/4.8.1/../../../../avr/lib/avr5\libc.a(iob.o)
 .data          0x00000000        0x0 c:/program files (x86)/atmel/atmel toolchain/avr8 gcc/native/3.4.1061/avr8-gnu-toolchain/bin/../lib/gcc/avr/4.8.1/../../../../avr/lib/avr5\libc.a(iob.o)
 .bss           0x00000000        0x0 c:/program files (x86)/atmel/atmel toolchain/avr8 gcc/native/3.4.1061/avr8-gnu-toolchain/bin/../lib/gcc/avr/4.8.1/../../../../avr/lib/avr5\libc.a(iob.o)
 .text          0x00000000        0x0 c:/program files (x86)/atmel/atmel toolchain/avr8 gcc/native/3.4.1061/avr8-gnu-toolchain/bin/../lib/gcc/avr/4.8.1/../../../../avr/lib/avr5\libc.a(printf_p.o)
 .data          0x00000000        0x0 c:/program files (x86)/atmel/atmel toolchain/avr8 gcc/native/3.4.1061/avr8-gnu-toolchain/bin/../lib/gcc/avr/4.8.1/../../../../avr/lib/avr5\libc.a(printf_p.o)
 .bss           0x00000000        0x0 c:/program files (x86)/atmel/atmel toolchain/avr8 gcc/native/3.4.1061/avr8-gnu-toolchain/bin/../lib/gcc/avr/4.8.1/../../../../avr/lib/avr5\libc.a(printf_p.o)
 .text          0x00000000        0x0 c:/program files (x86)/atmel/atmel toolchain/avr8 gcc/native/3.4.1061/avr8-gnu-toolchain/bin/../lib/gcc/avr/4.8.1/../../../../avr/lib/avr5\libc.a(vfprintf_std.o)
 .data          0x00000000        0x0 c:/program files (x86)/atmel/atmel toolchain/avr8 gcc/native/3.4.1061/avr8-gnu-toolchain/bin/../lib/gcc/avr/4.8.1/../../../../avr/lib/avr5\libc.a(vfprintf_std.o)
 .bss           0x00000000        0x0 c:/program files (x86)/atmel/atmel toolchain/avr8 gcc/native/3.4.1061/avr8-gnu-toolchain/bin/../lib/gcc/avr/4.8.1/../../../../avr/lib/avr5\libc.a(vfprintf_std.o)
 .text          0x00000000        0x0 c:/program files (x86)/atmel/atmel toolchain/avr8 gcc/native/3.4.1061/avr8-gnu-toolchain/bin/../lib/gcc/avr/4.8.1/../../../../avr/lib/avr5\libc.a(calloc.o)
 .data          0x00000000        0x0 c:/program files (x86)/atmel/atmel toolchain/avr8 gcc/native/3.4.1061/avr8-gnu-toolchain/bin/../lib/gcc/avr/4.8.1/../../../../avr/lib/avr5\libc.a(calloc.o)
 .bss           0x00000000        0x0 c:/program files (x86)/atmel/atmel toolchain/avr8 gcc/native/3.4.1061/avr8-gnu-toolchain/bin/../lib/gcc/avr/4.8.1/../../../../avr/lib/avr5\libc.a(calloc.o)
 .text          0x00000000        0x0 c:/program files (x86)/atmel/atmel toolchain/avr8 gcc/native/3.4.1061/avr8-gnu-toolchain/bin/../lib/gcc/avr/4.8.1/../../../../avr/lib/avr5\libc.a(malloc.o)
 .bss           0x00000000        0x0 c:/program files (x86)/atmel/atmel toolchain/avr8 gcc/native/3.4.1061/avr8-gnu-toolchain/bin/../lib/gcc/avr/4.8.1/../../../../avr/lib/avr5\libc.a(malloc.o)
 .text          0x00000000        0x0 c:/program files (x86)/atmel/atmel toolchain/avr8 gcc/native/3.4.1061/avr8-gnu-toolchain/bin/../lib/gcc/avr/4.8.1/../../../../avr/lib/avr5\libc.a(strnlen_P.o)
 .data          0x00000000        0x0 c:/program files (x86)/atmel/atmel toolchain/avr8 gcc/native/3.4.1061/avr8-gnu-toolchain/bin/../lib/gcc/avr/4.8.1/../../../../avr/lib/avr5\libc.a(strnlen_P.o)
 .bss           0x00000000        0x0 c:/program files (x86)/atmel/atmel toolchain/avr8 gcc/native/3.4.1061/avr8-gnu-toolchain/bin/../lib/gcc/avr/4.8.1/../../../../avr/lib/avr5\libc.a(strnlen_P.o)
 .text          0x00000000        0x0 c:/program files (x86)/atmel/atmel toolchain/avr8 gcc/native/3.4.1061/avr8-gnu-toolchain/bin/../lib/gcc/avr/4.8.1/../../../../avr/lib/avr5\libc.a(memset.o)
 .data          0x00000000        0x0 c:/program files (x86)/atmel/atmel toolchain/avr8 gcc/native/3.4.1061/avr8-gnu-toolchain/bin/../lib/gcc/avr/4.8.1/../../../../avr/lib/avr5\libc.a(memset.o)
 .bss           0x00000000        0x0 c:/program files (x86)/atmel/atmel toolchain/avr8 gcc/native/3.4.1061/avr8-gnu-toolchain/bin/../lib/gcc/avr/4.8.1/../../../../avr/lib/avr5\libc.a(memset.o)
 .text          0x00000000        0x0 c:/program files (x86)/atmel/atmel toolchain/avr8 gcc/native/3.4.1061/avr8-gnu-toolchain/bin/../lib/gcc/avr/4.8.1/../../../../avr/lib/avr5\libc.a(strnlen.o)
 .data          0x00000000        0x0 c:/program files (x86)/atmel/atmel toolchain/avr8 gcc/native/3.4.1061/avr8-gnu-toolchain/bin/../lib/gcc/avr/4.8.1/../../../../avr/lib/avr5\libc.a(strnlen.o)
 .bss           0x00000000        0x0 c:/program files (x86)/atmel/atmel toolchain/avr8 gcc/native/3.4.1061/avr8-gnu-toolchain/bin/../lib/gcc/avr/4.8.1/../../../../avr/lib/avr5\libc.a(strnlen.o)
 .text          0x00000000        0x0 c:/program files (x86)/atmel/atmel toolchain/avr8 gcc/native/3.4.1061/avr8-gnu-toolchain/bin/../lib/gcc/avr/4.8.1/../../../../avr/lib/avr5\libc.a(fputc.o)
 .data          0x00000000        0x0 c:/program files (x86)/atmel/atmel toolchain/avr8 gcc/native/3.4.1061/avr8-gnu-toolchain/bin/../lib/gcc/avr/4.8.1/../../../../avr/lib/avr5\libc.a(fputc.o)
 .bss           0x00000000        0x0 c:/program files (x86)/atmel/atmel toolchain/avr8 gcc/native/3.4.1061/avr8-gnu-toolchain/bin/../lib/gcc/avr/4.8.1/../../../../avr/lib/avr5\libc.a(fputc.o)
 .text          0x00000000        0x0 c:/program files (x86)/atmel/atmel toolchain/avr8 gcc/native/3.4.1061/avr8-gnu-toolchain/bin/../lib/gcc/avr/4.8.1/../../../../avr/lib/avr5\libc.a(ultoa_invert.o)
 .data          0x00000000        0x0 c:/program files (x86)/atmel/atmel toolchain/avr8 gcc/native/3.4.1061/avr8-gnu-toolchain/bin/../lib/gcc/avr/4.8.1/../../../../avr/lib/avr5\libc.a(ultoa_invert.o)
 .bss           0x00000000        0x0 c:/program files (x86)/atmel/atmel toolchain/avr8 gcc/native/3.4.1061/avr8-gnu-toolchain/bin/../lib/gcc/avr/4.8.1/../../../../avr/lib/avr5\libc.a(ultoa_invert.o)
 .text          0x00000000        0x0 c:/program files (x86)/atmel/atmel toolchain/avr8 gcc/native/3.4.1061/avr8-gnu-toolchain/bin/../lib/gcc/avr/4.8.1/avr5\libgcc.a(_copy_data.o)
 .data          0x00000000        0x0 c:/program files (x86)/atmel/atmel toolchain/avr8 gcc/native/3.4.1061/avr8-gnu-toolchain/bin/../lib/gcc/avr/4.8.1/avr5\libgcc.a(_copy_data.o)
 .bss           0x00000000        0x0 c:/program files (x86)/atmel/atmel toolchain/avr8 gcc/native/3.4.1061/avr8-gnu-toolchain/bin/../lib/gcc/avr/4.8.1/avr5\libgcc.a(_copy_data.o)
 .text.libgcc.mul
                0x00000000        0x0 c:/program files (x86)/atmel/atmel toolchain/avr8 gcc/native/3.4.1061/avr8-gnu-toolchain/bin/../lib/gcc/avr/4.8.1/avr5\libgcc.a(_copy_data.o)
 .text.libgcc.div
                0x00000000        0x0 c:/program files (x86)/atmel/atmel toolchain/avr8 gcc/native/3.4.1061/avr8-gnu-toolchain/bin/../lib/gcc/avr/4.8.1/avr5\libgcc.a(_copy_data.o)
 .text.libgcc   0x00000000        0x0 c:/program files (x86)/atmel/atmel toolchain/avr8 gcc/native/3.4.1061/avr8-gnu-toolchain/bin/../lib/gcc/avr/4.8.1/avr5\libgcc.a(_copy_data.o)
 .text.libgcc.prologue
                0x00000000        0x0 c:/program files (x86)/atmel/atmel toolchain/avr8 gcc/native/3.4.1061/avr8-gnu-toolchain/bin/../lib/gcc/avr/4.8.1/avr5\libgcc.a(_copy_data.o)
 .text.libgcc.builtins
                0x00000000        0x0 c:/program files (x86)/atmel/atmel toolchain/avr8 gcc/native/3.4.1061/avr8-gnu-toolchain/bin/../lib/gcc/avr/4.8.1/avr5\libgcc.a(_copy_data.o)
 .text.libgcc.fmul
                0x00000000        0x0 c:/program files (x86)/atmel/atmel toolchain/avr8 gcc/native/3.4.1061/avr8-gnu-toolchain/bin/../lib/gcc/avr/4.8.1/avr5\libgcc.a(_copy_data.o)
 .text.libgcc.fixed
                0x00000000        0x0 c:/program files (x86)/atmel/atmel toolchain/avr8 gcc/native/3.4.1061/avr8-gnu-toolchain/bin/../lib/gcc/avr/4.8.1/avr5\libgcc.a(_copy_data.o)
 .text          0x00000000        0x0 c:/program files (x86)/atmel/atmel toolchain/avr8 gcc/native/3.4.1061/avr8-gnu-toolchain/bin/../lib/gcc/avr/4.8.1/avr5\libgcc.a(_prologue.o)
 .data          0x00000000        0x0 c:/program files (x86)/atmel/atmel toolchain/avr8 gcc/native/3.4.1061/avr8-gnu-toolchain/bin/../lib/gcc/avr/4.8.1/avr5\libgcc.a(_prologue.o)
 .bss           0x00000000        0x0 c:/program files (x86)/atmel/atmel toolchain/avr8 gcc/native/3.4.1061/avr8-gnu-toolchain/bin/../lib/gcc/avr/4.8.1/avr5\libgcc.a(_prologue.o)
 .text.libgcc.mul
                0x00000000        0x0 c:/program files (x86)/atmel/atmel toolchain/avr8 gcc/native/3.4.1061/avr8-gnu-toolchain/bin/../lib/gcc/avr/4.8.1/avr5\libgcc.a(_prologue.o)
 .text.libgcc.div
                0x00000000        0x0 c:/program files (x86)/atmel/atmel toolchain/avr8 gcc/native/3.4.1061/avr8-gnu-toolchain/bin/../lib/gcc/avr/4.8.1/avr5\libgcc.a(_prologue.o)
 .text.libgcc   0x00000000        0x0 c:/program files (x86)/atmel/atmel toolchain/avr8 gcc/native/3.4.1061/avr8-gnu-toolchain/bin/../lib/gcc/avr/4.8.1/avr5\libgcc.a(_prologue.o)
 .text.libgcc.builtins
                0x00000000        0x0 c:/program files (x86)/atmel/atmel toolchain/avr8 gcc/native/3.4.1061/avr8-gnu-toolchain/bin/../lib/gcc/avr/4.8.1/avr5\libgcc.a(_prologue.o)
 .text.libgcc.fmul
                0x00000000        0x0 c:/program files (x86)/atmel/atmel toolchain/avr8 gcc/native/3.4.1061/avr8-gnu-toolchain/bin/../lib/gcc/avr/4.8.1/avr5\libgcc.a(_prologue.o)
 .text.libgcc.fixed
                0x00000000        0x0 c:/program files (x86)/atmel/atmel toolchain/avr8 gcc/native/3.4.1061/avr8-gnu-toolchain/bin/../lib/gcc/avr/4.8.1/avr5\libgcc.a(_prologue.o)
 .text          0x00000000        0x0 c:/program files (x86)/atmel/atmel toolchain/avr8 gcc/native/3.4.1061/avr8-gnu-toolchain/bin/../lib/gcc/avr/4.8.1/avr5\libgcc.a(_epilogue.o)
 .data          0x00000000        0x0 c:/program files (x86)/atmel/atmel toolchain/avr8 gcc/native/3.4.1061/avr8-gnu-toolchain/bin/../lib/gcc/avr/4.8.1/avr5\libgcc.a(_epilogue.o)
 .bss           0x00000000        0x0 c:/program files (x86)/atmel/atmel toolchain/avr8 gcc/native/3.4.1061/avr8-gnu-toolchain/bin/../lib/gcc/avr/4.8.1/avr5\libgcc.a(_epilogue.o)
 .text.libgcc.mul
                0x00000000        0x0 c:/program files (x86)/atmel/atmel toolchain/avr8 gcc/native/3.4.1061/avr8-gnu-toolchain/bin/../lib/gcc/avr/4.8.1/avr5\libgcc.a(_epilogue.o)
 .text.libgcc.div
                0x00000000        0x0 c:/program files (x86)/atmel/atmel toolchain/avr8 gcc/native/3.4.1061/avr8-gnu-toolchain/bin/../lib/gcc/avr/4.8.1/avr5\libgcc.a(_epilogue.o)
 .text.libgcc   0x00000000        0x0 c:/program files (x86)/atmel/atmel toolchain/avr8 gcc/native/3.4.1061/avr8-gnu-toolchain/bin/../lib/gcc/avr/4.8.1/avr5\libgcc.a(_epilogue.o)
 .text.libgcc.builtins
                0x00000000        0x0 c:/program files (x86)/atmel/atmel toolchain/avr8 gcc/native/3.4.1061/avr8-gnu-toolchain/bin/../lib/gcc/avr/4.8.1/avr5\libgcc.a(_epilogue.o)
 .text.libgcc.fmul
                0x00000000        0x0 c:/program files (x86)/atmel/atmel toolchain/avr8 gcc/native/3.4.1061/avr8-gnu-toolchain/bin/../lib/gcc/avr/4.8.1/avr5\libgcc.a(_epilogue.o)
 .text.libgcc.fixed
                0x00000000        0x0 c:/program files (x86)/atmel/atmel toolchain/avr8 gcc/native/3.4.1061/avr8-gnu-toolchain/bin/../lib/gcc/avr/4.8.1/avr5\libgcc.a(_epilogue.o)

Memory Configuration

Name             Origin             Length             Attributes
text             0x00000000         0x00020000         xr
data             0x00800060         0x0000ffa0         rw !x
eeprom           0x00810000         0x00010000         rw !x
fuse             0x00820000         0x00000400         rw !x
lock             0x00830000         0x00000400         rw !x
signature        0x00840000         0x00000400         rw !x
user_signatures  0x00850000         0x00000400         rw !x
*default*        0x00000000         0xffffffff

Linker script and memory map

Address of section .data set to 0x800100
LOAD c:/program files (x86)/atmel/atmel toolchain/avr8 gcc/native/3.4.1061/avr8-gnu-toolchain/bin/../lib/gcc/avr/4.8.1/../../../../avr/lib/avr5/crtm328p.o
LOAD MQTTSN.o
LOAD MQTTSNPacket.o
LOAD RF24.o
LOAD SensorNet.o
LOAD SPI.o
LOAD Timing.o
LOAD PowerOutlet.o
LOAD test.o
START GROUP
LOAD c:/program files (x86)/atmel/atmel toolchain/avr8 gcc/native/3.4.1061/avr8-gnu-toolchain/bin/../lib/gcc/avr/4.8.1/../../../../avr/lib/avr5\libm.a
END GROUP
LOAD c:/program files (x86)/atmel/atmel toolchain/avr8 gcc/native/3.4.1061/avr8-gnu-toolchain/bin/../lib/gcc/avr/4.8.1/avr5\libgcc.a
LOAD c:/program files (x86)/atmel/atmel toolchain/avr8 gcc/native/3.4.1061/avr8-gnu-toolchain/bin/../lib/gcc/avr/4.8.1/../../../../avr/lib/avr5\libm.a
START GROUP
LOAD c:/program files (x86)/atmel/atmel toolchain/avr8 gcc/native/3.4.1061/avr8-gnu-toolchain/bin/../lib/gcc/avr/4.8.1/avr5\libgcc.a
LOAD c:/program files (x86)/atmel/atmel toolchain/avr8 gcc/native/3.4.1061/avr8-gnu-toolchain/bin/../lib/gcc/avr/4.8.1/../../../../avr/lib/avr5\libm.a
LOAD c:/program files (x86)/atmel/atmel toolchain/avr8 gcc/native/3.4.1061/avr8-gnu-toolchain/bin/../lib/gcc/avr/4.8.1/../../../../avr/lib/avr5\libc.a
END GROUP

.hash
 *(.hash)

.dynsym
 *(.dynsym)

.dynstr
 *(.dynstr)

.gnu.version
 *(.gnu.version)

.gnu.version_d
 *(.gnu.version_d)

.gnu.version_r
 *(.gnu.version_r)

.rel.init
 *(.rel.init)

.rela.init
 *(.rela.init)

.rel.text
 *(.rel.text)
 *(.rel.text.*)
 *(.rel.gnu.linkonce.t*)

.rela.text
 *(.rela.text)
 *(.rela.text.*)
 *(.rela.gnu.linkonce.t*)

.rel.fini
 *(.rel.fini)

.rela.fini
 *(.rela.fini)

.rel.rodata
 *(.rel.rodata)
 *(.rel.rodata.*)
 *(.rel.gnu.linkonce.r*)

.rela.rodata
 *(.rela.rodata)
 *(.rela.rodata.*)
 *(.rela.gnu.linkonce.r*)

.rel.data
 *(.rel.data)
 *(.rel.data.*)
 *(.rel.gnu.linkonce.d*)

.rela.data
 *(.rela.data)
 *(.rela.data.*)
 *(.rela.gnu.linkonce.d*)

.rel.ctors
 *(.rel.ctors)

.rela.ctors
 *(.rela.ctors)

.rel.dtors
 *(.rel.dtors)

.rela.dtors
 *(.rela.dtors)

.rel.got
 *(.rel.got)

.rela.got
 *(.rela.got)

.rel.bss
 *(.rel.bss)

.rela.bss
 *(.rela.bss)

.rel.plt
 *(.rel.plt)

.rela.plt
 *(.rela.plt)

.text           0x00000000     0x2216
 *(.vectors)
 .vectors       0x00000000       0x68 c:/program files (x86)/atmel/atmel toolchain/avr8 gcc/native/3.4.1061/avr8-gnu-toolchain/bin/../lib/gcc/avr/4.8.1/../../../../avr/lib/avr5/crtm328p.o
                0x00000000                __vector_default
                0x00000000                __vectors
 *(.vectors)
 *(.progmem.gcc*)
                0x00000068                . = ALIGN (0x2)
                0x00000068                __trampolines_start = .
 *(.trampolines)
 .trampolines   0x00000068        0x0 linker stubs
 *(.trampolines*)
                0x00000068                __trampolines_end = .
 *(.progmem*)
 .progmem.data._ZZN4RF2412printDetailsEvE3__c_12
                0x00000068       0x11 RF24.o
 .progmem.data._ZZN4RF2412printDetailsEvE3__c_11
                0x00000079       0x13 RF24.o
 .progmem.data._ZZN4RF2412printDetailsEvE3__c_10
                0x0000008c        0xf RF24.o
 .progmem.data._ZZN4RF2412printDetailsEvE3__c_9
                0x0000009b       0x12 RF24.o
 .progmem.data._ZZN4RF2412printDetailsEvE3__c_8
                0x000000ad        0xe RF24.o
 .progmem.data._ZZN4RF2412printDetailsEvE3__c_7
                0x000000bb        0x7 RF24.o
 .progmem.data._ZZN4RF2412printDetailsEvE3__c_6
                0x000000c2        0x9 RF24.o
 .progmem.data._ZZN4RF2412printDetailsEvE3__c_5
                0x000000cb        0x6 RF24.o
 .progmem.data._ZZN4RF2412printDetailsEvE3__c_4
                0x000000d1        0xa RF24.o
 .progmem.data._ZZN4RF2412printDetailsEvE3__c_3
                0x000000db        0x6 RF24.o
 .progmem.data._ZZN4RF2412printDetailsEvE3__c_2
                0x000000e1        0xb RF24.o
 .progmem.data._ZZN4RF2412printDetailsEvE3__c_1
                0x000000ec        0x8 RF24.o
 .progmem.data._ZZN4RF2412printDetailsEvE3__c_0
                0x000000f4        0xd RF24.o
 .progmem.data._ZZN4RF2412printDetailsEvE3__c
                0x00000101        0xd RF24.o
 .progmem.data._ZZN4RF2422print_address_registerEPKchhE3__c_2
                0x0000010e        0x3 RF24.o
 .progmem.data._ZZN4RF2422print_address_registerEPKchhE3__c_1
                0x00000111        0x5 RF24.o
 .progmem.data._ZZN4RF2422print_address_registerEPKchhE3__c_0
                0x00000116        0x4 RF24.o
 .progmem.data._ZZN4RF2422print_address_registerEPKchhE3__c
                0x0000011a        0x8 RF24.o
 .progmem.data._ZZN4RF2419print_byte_registerEPKchhE3__c_1
                0x00000122        0x3 RF24.o
 .progmem.data._ZZN4RF2419print_byte_registerEPKchhE3__c_0
                0x00000125        0x8 RF24.o
 .progmem.data._ZZN4RF2419print_byte_registerEPKchhE3__c
                0x0000012d        0x8 RF24.o
 .progmem.data._ZZN4RF2412print_statusEhE3__c
                0x00000135       0x46 RF24.o
 .progmem.data._ZL17child_pipe_enable
                0x0000017b        0x6 RF24.o
 .progmem.data._ZL18child_payload_size
                0x00000181        0x6 RF24.o
 .progmem.data._ZL10child_pipe
                0x00000187        0x6 RF24.o
 .progmem.data._ZL19rf24_pa_dbm_e_str_P
                0x0000018d        0x8 RF24.o
 .progmem.data._ZL19rf24_pa_dbm_e_str_3
                0x00000195        0x8 RF24.o
 .progmem.data._ZL19rf24_pa_dbm_e_str_2
                0x0000019d        0x7 RF24.o
 .progmem.data._ZL19rf24_pa_dbm_e_str_1
                0x000001a4        0x7 RF24.o
 .progmem.data._ZL19rf24_pa_dbm_e_str_0
                0x000001ab        0x7 RF24.o
 .progmem.data._ZL22rf24_crclength_e_str_P
                0x000001b2        0x6 RF24.o
 .progmem.data._ZL22rf24_crclength_e_str_2
                0x000001b8        0x8 RF24.o
 .progmem.data._ZL22rf24_crclength_e_str_1
                0x000001c0        0x7 RF24.o
 .progmem.data._ZL22rf24_crclength_e_str_0
                0x000001c7        0x9 RF24.o
 .progmem.data._ZL18rf24_model_e_str_P
                0x000001d0        0x4 RF24.o
 .progmem.data._ZL18rf24_model_e_str_1
                0x000001d4        0xa RF24.o
 .progmem.data._ZL18rf24_model_e_str_0
                0x000001de        0x9 RF24.o
 .progmem.data._ZL21rf24_datarate_e_str_P
                0x000001e7        0x6 RF24.o
 .progmem.data._ZL21rf24_datarate_e_str_2
                0x000001ed        0x8 RF24.o
 .progmem.data._ZL21rf24_datarate_e_str_1
                0x000001f5        0x6 RF24.o
 .progmem.data._ZL21rf24_datarate_e_str_0
                0x000001fb        0x6 RF24.o
                0x00000202                . = ALIGN (0x2)
 *fill*         0x00000201        0x1 
 *(.jumptables)
 *(.jumptables*)
 *(.lowtext)
 *(.lowtext*)
                0x00000202                __ctors_start = .
 *(.ctors)
 .ctors         0x00000202        0x2 PowerOutlet.o
                0x00000204                __ctors_end = .
                0x00000204                __dtors_start = .
 *(.dtors)
 .dtors         0x00000204        0x2 PowerOutlet.o
                0x00000206                __dtors_end = .
 SORT(*)(.ctors)
 SORT(*)(.dtors)
 *(.init0)
 .init0         0x00000206        0x0 c:/program files (x86)/atmel/atmel toolchain/avr8 gcc/native/3.4.1061/avr8-gnu-toolchain/bin/../lib/gcc/avr/4.8.1/../../../../avr/lib/avr5/crtm328p.o
                0x00000206                __init
 *(.init0)
 *(.init1)
 *(.init1)
 *(.init2)
 .init2         0x00000206        0xc c:/program files (x86)/atmel/atmel toolchain/avr8 gcc/native/3.4.1061/avr8-gnu-toolchain/bin/../lib/gcc/avr/4.8.1/../../../../avr/lib/avr5/crtm328p.o
 *(.init2)
 *(.init3)
 *(.init3)
 *(.init4)
 .init4         0x00000212       0x10 c:/program files (x86)/atmel/atmel toolchain/avr8 gcc/native/3.4.1061/avr8-gnu-toolchain/bin/../lib/gcc/avr/4.8.1/avr5\libgcc.a(_clear_bss.o)
                0x00000212                __do_clear_bss
 .init4         0x00000222       0x16 c:/program files (x86)/atmel/atmel toolchain/avr8 gcc/native/3.4.1061/avr8-gnu-toolchain/bin/../lib/gcc/avr/4.8.1/avr5\libgcc.a(_copy_data.o)
                0x00000222                __do_copy_data
 *(.init4)
 *(.init5)
 *(.init5)
 *(.init6)
 .init6         0x00000238       0x16 c:/program files (x86)/atmel/atmel toolchain/avr8 gcc/native/3.4.1061/avr8-gnu-toolchain/bin/../lib/gcc/avr/4.8.1/avr5\libgcc.a(_ctors.o)
                0x00000238                __do_global_ctors
 *(.init6)
 *(.init7)
 *(.init7)
 *(.init8)
 *(.init8)
 *(.init9)
 .init9         0x0000024e        0x8 c:/program files (x86)/atmel/atmel toolchain/avr8 gcc/native/3.4.1061/avr8-gnu-toolchain/bin/../lib/gcc/avr/4.8.1/../../../../avr/lib/avr5/crtm328p.o
 *(.init9)
 *(.text)
 .text          0x00000256        0x4 c:/program files (x86)/atmel/atmel toolchain/avr8 gcc/native/3.4.1061/avr8-gnu-toolchain/bin/../lib/gcc/avr/4.8.1/../../../../avr/lib/avr5/crtm328p.o
                0x00000256                __vector_22
                0x00000256                __vector_1
                0x00000256                __vector_24
                0x00000256                __vector_12
                0x00000256                __bad_interrupt
                0x00000256                __vector_6
                0x00000256                __vector_3
                0x00000256                __vector_23
                0x00000256                __vector_25
                0x00000256                __vector_11
                0x00000256                __vector_13
                0x00000256                __vector_17
                0x00000256                __vector_19
                0x00000256                __vector_7
                0x00000256                __vector_5
                0x00000256                __vector_4
                0x00000256                __vector_9
                0x00000256                __vector_2
                0x00000256                __vector_21
                0x00000256                __vector_15
                0x00000256                __vector_8
                0x00000256                __vector_14
                0x00000256                __vector_10
                0x00000256                __vector_18
                0x00000256                __vector_20
                0x0000025a                . = ALIGN (0x2)
 *(.text.*)
 .text._ZN6MQTTSNC2ER9SensorNeth
                0x0000025a       0x2c MQTTSN.o
                0x0000025a                _ZN6MQTTSNC1ER9SensorNeth
                0x0000025a                _ZN6MQTTSNC2ER9SensorNeth
 .text._ZN6MQTTSND2Ev
                0x00000286        0x8 MQTTSN.o
                0x00000286                _ZN6MQTTSND2Ev
                0x00000286                _ZN6MQTTSND1Ev
 .text._ZN6MQTTSN4tickEv
                0x0000028e        0xc MQTTSN.o
                0x0000028e                _ZN6MQTTSN4tickEv
 .text._ZN6MQTTSN7connectEv
                0x0000029a       0x8e MQTTSN.o
                0x0000029a                _ZN6MQTTSN7connectEv
 .text._ZN6MQTTSN10disconnectEb
                0x00000328       0x8a MQTTSN.o
                0x00000328                _ZN6MQTTSN10disconnectEb
 .text._ZN12MQTTSNPacketD2Ev
                0x000003b2        0x2 MQTTSNPacket.o
                0x000003b2                _ZN12MQTTSNPacketD1Ev
                0x000003b2                _ZN12MQTTSNPacketD2Ev
 .text._ZN12MQTTSNPacket10gen_packetERA20_hh
                0x000003b4      0x46e MQTTSNPacket.o
                0x000003b4                _ZN12MQTTSNPacket10gen_packetERA20_hh
 .text._ZN12MQTTSNPacket8sanitiseEv
                0x00000822       0x6c MQTTSNPacket.o
                0x00000822                _ZN12MQTTSNPacket8sanitiseEv
 .text._ZN12MQTTSNPacketC2Ev
                0x0000088e        0x6 MQTTSNPacket.o
                0x0000088e                _ZN12MQTTSNPacketC1Ev
                0x0000088e                _ZN12MQTTSNPacketC2Ev
 .text._ZN4RF243csnEi
                0x00000894       0x28 RF24.o
                0x00000894                _ZN4RF243csnEi
 .text._ZN4RF2413read_registerEhPhh
                0x000008bc       0x5e RF24.o
                0x000008bc                _ZN4RF2413read_registerEhPhh
 .text._ZN4RF2413read_registerEh
                0x0000091a       0x36 RF24.o
                0x0000091a                _ZN4RF2413read_registerEh
 .text._ZN4RF2414write_registerEhPKhh
                0x00000950       0x5e RF24.o
                0x00000950                _ZN4RF2414write_registerEhPKhh
 .text._ZN4RF2414write_registerEhh
                0x000009ae       0x3e RF24.o
                0x000009ae                _ZN4RF2414write_registerEhh
 .text._ZN4RF2413write_payloadEPKvh
                0x000009ec       0x88 RF24.o
                0x000009ec                _ZN4RF2413write_payloadEPKvh
 .text._ZN4RF2412read_payloadEPvh
                0x00000a74       0x8a RF24.o
                0x00000a74                _ZN4RF2412read_payloadEPvh
 .text._ZN4RF248flush_rxEv
                0x00000afe       0x2c RF24.o
                0x00000afe                _ZN4RF248flush_rxEv
 .text._ZN4RF248flush_txEv
                0x00000b2a       0x2c RF24.o
                0x00000b2a                _ZN4RF248flush_txEv
 .text._ZN4RF2410get_statusEv
                0x00000b56       0x2c RF24.o
                0x00000b56                _ZN4RF2410get_statusEv
 .text._ZN4RF2412print_statusEh
                0x00000b82       0x58 RF24.o
                0x00000b82                _ZN4RF2412print_statusEh
 .text._ZN4RF2419print_byte_registerEPKchh
                0x00000bda       0x9c RF24.o
                0x00000bda                _ZN4RF2419print_byte_registerEPKchh
 .text._ZN4RF2422print_address_registerEPKchh
                0x00000c76      0x112 RF24.o
                0x00000c76                _ZN4RF2422print_address_registerEPKchh
 .text._ZN4RF24C2Ev
                0x00000d88       0x22 RF24.o
                0x00000d88                _ZN4RF24C2Ev
                0x00000d88                _ZN4RF24C1Ev
 .text._ZN4RF2410setChannelEh
                0x00000daa       0x10 RF24.o
                0x00000daa                _ZN4RF2410setChannelEh
 .text._ZN4RF2414startListeningEv
                0x00000dba       0x6a RF24.o
                0x00000dba                _ZN4RF2414startListeningEv
 .text._ZN4RF2413stopListeningEv
                0x00000e24       0x18 RF24.o
                0x00000e24                _ZN4RF2413stopListeningEv
 .text._ZN4RF249powerDownEv
                0x00000e3c       0x1e RF24.o
                0x00000e3c                _ZN4RF249powerDownEv
 .text._ZN4RF2410startWriteEPKvh
                0x00000e5a       0x50 RF24.o
                0x00000e5a                _ZN4RF2410startWriteEPKvh
 .text._ZN4RF2421getDynamicPayloadSizeEv
                0x00000eaa       0x32 RF24.o
                0x00000eaa                _ZN4RF2421getDynamicPayloadSizeEv
 .text._ZN4RF249availableEPh
                0x00000edc       0x5c RF24.o
                0x00000edc                _ZN4RF249availableEPh
 .text._ZN4RF249availableEv
                0x00000f38        0xa RF24.o
                0x00000f38                _ZN4RF249availableEv
 .text._ZN4RF244readEPvh
                0x00000f42       0x1a RF24.o
                0x00000f42                _ZN4RF244readEPvh
 .text._ZN4RF2412whatHappenedERbS0_S0_
                0x00000f5c       0x44 RF24.o
                0x00000f5c                _ZN4RF2412whatHappenedERbS0_S0_
 .text._ZN4RF245writeEPKvh
                0x00000fa0       0xa6 RF24.o
                0x00000fa0                _ZN4RF245writeEPKvh
 .text._ZN4RF2415openWritingPipeEy
                0x00001046       0x78 RF24.o
                0x00001046                _ZN4RF2415openWritingPipeEy
 .text._ZN4RF2415openReadingPipeEhy
                0x000010be       0xee RF24.o
                0x000010be                _ZN4RF2415openReadingPipeEhy
 .text._ZN4RF2415toggle_featuresEv
                0x000011ac       0x2a RF24.o
                0x000011ac                _ZN4RF2415toggle_featuresEv
 .text._ZN4RF2421enableDynamicPayloadsEv
                0x000011d6       0x5c RF24.o
                0x000011d6                _ZN4RF2421enableDynamicPayloadsEv
 .text._ZN4RF2410setPALevelE13rf24_pa_dbm_e
                0x00001232       0x42 RF24.o
                0x00001232                _ZN4RF2410setPALevelE13rf24_pa_dbm_e
 .text._ZN4RF2410getPALevelEv
                0x00001274       0x24 RF24.o
                0x00001274                _ZN4RF2410getPALevelEv
 .text._ZN4RF2411setDataRateE15rf24_datarate_e
                0x00001298       0x52 RF24.o
                0x00001298                _ZN4RF2411setDataRateE15rf24_datarate_e
 .text._ZN4RF2411getDataRateEv
                0x000012ea       0x1c RF24.o
                0x000012ea                _ZN4RF2411getDataRateEv
 .text._ZN4RF2412setCRCLengthE16rf24_crclength_e
                0x00001306       0x32 RF24.o
                0x00001306                _ZN4RF2412setCRCLengthE16rf24_crclength_e
 .text._ZN4RF245beginEv
                0x00001338       0x88 RF24.o
                0x00001338                _ZN4RF245beginEv
 .text._ZN4RF2412getCRCLengthEv
                0x000013c0       0x1a RF24.o
                0x000013c0                _ZN4RF2412getCRCLengthEv
 .text._ZN4RF2412printDetailsEv
                0x000013da      0x146 RF24.o
                0x000013da                _ZN4RF2412printDetailsEv
 .text._ZN4RF2410setRetriesEhh
                0x00001520       0x14 RF24.o
                0x00001520                _ZN4RF2410setRetriesEhh
 .text._ZN9SensorNetC2Ev
                0x00001534        0x6 SensorNet.o
                0x00001534                _ZN9SensorNetC1Ev
                0x00001534                _ZN9SensorNetC2Ev
 .text._ZN9SensorNetD2Ev
                0x0000153a        0x2 SensorNet.o
                0x0000153a                _ZN9SensorNetD2Ev
                0x0000153a                _ZN9SensorNetD1Ev
 .text._ZN9SensorNet5setupEv
                0x0000153c       0x74 SensorNet.o
                0x0000153c                _ZN9SensorNet5setupEv
 .text._ZN9SensorNet4tickEv
                0x000015b0       0x38 SensorNet.o
                0x000015b0                _ZN9SensorNet4tickEv
 .text._ZN9SensorNet10sendpacketEPKvh
                0x000015e8       0x30 SensorNet.o
                0x000015e8                _ZN9SensorNet10sendpacketEPKvh
 .text._ZN3SPI4initEv
                0x00001618        0xe SPI.o
                0x00001618                _ZN3SPI4initEv
 .text._ZN3SPI8transferEh
                0x00001626        0xc SPI.o
                0x00001626                _ZN3SPI8transferEh
 .text._ZN3SPI11setBitOrderEh
                0x00001632       0x14 SPI.o
                0x00001632                _ZN3SPI11setBitOrderEh
 .text._ZN3SPI11setDataModeEh
                0x00001646        0xa SPI.o
                0x00001646                _ZN3SPI11setDataModeEh
 .text._ZN3SPI15setClockDividerEh
                0x00001650       0x1e SPI.o
                0x00001650                _ZN3SPI15setClockDividerEh
 .text._ZN6Timing6millisEv
                0x0000166e       0x18 Timing.o
                0x0000166e                _ZN6Timing6millisEv
 .text.__vector_16
                0x00001686       0x94 Timing.o
                0x00001686                __vector_16
 .text._ZN6Timing4initEv
                0x0000171a       0x26 Timing.o
                0x0000171a                _ZN6Timing4initEv
 .text._Z14USART0SendBytecP6__file
                0x00001740       0x24 PowerOutlet.o
                0x00001740                _Z14USART0SendBytecP6__file
 .text._Z17USART0ReceiveByteP6__file
                0x00001764       0x20 PowerOutlet.o
                0x00001764                _Z17USART0ReceiveByteP6__file
 .text._Z9USARTinitv
                0x00001784       0x50 PowerOutlet.o
                0x00001784                _Z9USARTinitv
 .text._Z5setupv
                0x000017d4       0x12 PowerOutlet.o
                0x000017d4                _Z5setupv
 .text.main     0x000017e6       0xea PowerOutlet.o
                0x000017e6                main
 .text._GLOBAL__sub_I_usart0_str
                0x000018d0       0x18 PowerOutlet.o
 .text._GLOBAL__sub_D_usart0_str
                0x000018e8       0x12 PowerOutlet.o
 .text.libgcc   0x000018fa       0x18 c:/program files (x86)/atmel/atmel toolchain/avr8 gcc/native/3.4.1061/avr8-gnu-toolchain/bin/../lib/gcc/avr/4.8.1/avr5\libgcc.a(_cmpdi2_s8.o)
                0x000018fa                __cmpdi2_s8
 .text.libgcc   0x00001912        0xc c:/program files (x86)/atmel/atmel toolchain/avr8 gcc/native/3.4.1061/avr8-gnu-toolchain/bin/../lib/gcc/avr/4.8.1/avr5\libgcc.a(_tablejump.o)
                0x00001912                __tablejump2__
                0x00001916                __tablejump__
 .text.avr-libc
                0x0000191e       0x12 c:/program files (x86)/atmel/atmel toolchain/avr8 gcc/native/3.4.1061/avr8-gnu-toolchain/bin/../lib/gcc/avr/4.8.1/../../../../avr/lib/avr5\libc.a(strlen_P.o)
                0x0000191e                __strlen_P
 .text.avr-libc
                0x00001930       0x96 c:/program files (x86)/atmel/atmel toolchain/avr8 gcc/native/3.4.1061/avr8-gnu-toolchain/bin/../lib/gcc/avr/4.8.1/../../../../avr/lib/avr5\libc.a(fdevopen.o)
                0x00001930                fdevopen
 .text.avr-libc
                0x000019c6       0x44 c:/program files (x86)/atmel/atmel toolchain/avr8 gcc/native/3.4.1061/avr8-gnu-toolchain/bin/../lib/gcc/avr/4.8.1/../../../../avr/lib/avr5\libc.a(printf_p.o)
                0x000019c6                printf_P
 .text.avr-libc
                0x00001a0a      0x3a4 c:/program files (x86)/atmel/atmel toolchain/avr8 gcc/native/3.4.1061/avr8-gnu-toolchain/bin/../lib/gcc/avr/4.8.1/../../../../avr/lib/avr5\libc.a(vfprintf_std.o)
                0x00001a0a                vfprintf
 .text.avr-libc
                0x00001dae       0x38 c:/program files (x86)/atmel/atmel toolchain/avr8 gcc/native/3.4.1061/avr8-gnu-toolchain/bin/../lib/gcc/avr/4.8.1/../../../../avr/lib/avr5\libc.a(calloc.o)
                0x00001dae                calloc
 .text.avr-libc
                0x00001de6      0x24e c:/program files (x86)/atmel/atmel toolchain/avr8 gcc/native/3.4.1061/avr8-gnu-toolchain/bin/../lib/gcc/avr/4.8.1/../../../../avr/lib/avr5\libc.a(malloc.o)
                0x00001de6                malloc
                0x00001f16                free
 .text.avr-libc
                0x00002034       0x16 c:/program files (x86)/atmel/atmel toolchain/avr8 gcc/native/3.4.1061/avr8-gnu-toolchain/bin/../lib/gcc/avr/4.8.1/../../../../avr/lib/avr5\libc.a(strnlen_P.o)
                0x00002034                strnlen_P
 .text.avr-libc
                0x0000204a        0xe c:/program files (x86)/atmel/atmel toolchain/avr8 gcc/native/3.4.1061/avr8-gnu-toolchain/bin/../lib/gcc/avr/4.8.1/../../../../avr/lib/avr5\libc.a(memset.o)
                0x0000204a                memset
 .text.avr-libc
                0x00002058       0x16 c:/program files (x86)/atmel/atmel toolchain/avr8 gcc/native/3.4.1061/avr8-gnu-toolchain/bin/../lib/gcc/avr/4.8.1/../../../../avr/lib/avr5\libc.a(strnlen.o)
                0x00002058                strnlen
 .text.avr-libc
                0x0000206e       0x64 c:/program files (x86)/atmel/atmel toolchain/avr8 gcc/native/3.4.1061/avr8-gnu-toolchain/bin/../lib/gcc/avr/4.8.1/../../../../avr/lib/avr5\libc.a(fputc.o)
                0x0000206e                fputc
 .text.avr-libc
                0x000020d2       0xbc c:/program files (x86)/atmel/atmel toolchain/avr8 gcc/native/3.4.1061/avr8-gnu-toolchain/bin/../lib/gcc/avr/4.8.1/../../../../avr/lib/avr5\libc.a(ultoa_invert.o)
                0x000020d2                __ultoa_invert
 .text.libgcc.prologue
                0x0000218e       0x38 c:/program files (x86)/atmel/atmel toolchain/avr8 gcc/native/3.4.1061/avr8-gnu-toolchain/bin/../lib/gcc/avr/4.8.1/avr5\libgcc.a(_prologue.o)
                0x0000218e                __prologue_saves__
 .text.libgcc.prologue
                0x000021c6       0x36 c:/program files (x86)/atmel/atmel toolchain/avr8 gcc/native/3.4.1061/avr8-gnu-toolchain/bin/../lib/gcc/avr/4.8.1/avr5\libgcc.a(_epilogue.o)
                0x000021c6                __epilogue_restores__
                0x000021fc                . = ALIGN (0x2)
 *(.fini9)
 .fini9         0x000021fc        0x0 c:/program files (x86)/atmel/atmel toolchain/avr8 gcc/native/3.4.1061/avr8-gnu-toolchain/bin/../lib/gcc/avr/4.8.1/avr5\libgcc.a(_exit.o)
                0x000021fc                _exit
                0x000021fc                exit
 *(.fini9)
 *(.fini8)
 *(.fini8)
 *(.fini7)
 *(.fini7)
 *(.fini6)
 .fini6         0x000021fc       0x16 c:/program files (x86)/atmel/atmel toolchain/avr8 gcc/native/3.4.1061/avr8-gnu-toolchain/bin/../lib/gcc/avr/4.8.1/avr5\libgcc.a(_dtors.o)
                0x000021fc                __do_global_dtors
 *(.fini6)
 *(.fini5)
 *(.fini5)
 *(.fini4)
 *(.fini4)
 *(.fini3)
 *(.fini3)
 *(.fini2)
 *(.fini2)
 *(.fini1)
 *(.fini1)
 *(.fini0)
 .fini0         0x00002212        0x4 c:/program files (x86)/atmel/atmel toolchain/avr8 gcc/native/3.4.1061/avr8-gnu-toolchain/bin/../lib/gcc/avr/4.8.1/avr5\libgcc.a(_exit.o)
 *(.fini0)
                0x00002216                _etext = .

.data           0x00800100        0x6 load address 0x00002216
                0x00800100                PROVIDE (__data_start, .)
 *(.data)
 .data          0x00800100        0x6 c:/program files (x86)/atmel/atmel toolchain/avr8 gcc/native/3.4.1061/avr8-gnu-toolchain/bin/../lib/gcc/avr/4.8.1/../../../../avr/lib/avr5\libc.a(malloc.o)
                0x00800100                __malloc_heap_end
                0x00800102                __malloc_heap_start
                0x00800104                __malloc_margin
 *(.data*)
 *(.rodata)
 *(.rodata*)
 *(.gnu.linkonce.d*)
                0x00800106                . = ALIGN (0x2)
                0x00800106                _edata = .
                0x00800106                PROVIDE (__data_end, .)

.bss            0x00800106       0x92
                0x00800106                PROVIDE (__bss_start, .)
 *(.bss)
 *(.bss*)
 .bss._ZL12timer0_fract
                0x00800106        0x1 Timing.o
 .bss.timer0_millis
                0x00800107        0x4 Timing.o
                0x00800107                timer0_millis
 .bss.timer0_overflow_count
                0x0080010b        0x4 Timing.o
                0x0080010b                timer0_overflow_count
 .bss.app       0x0080010f       0x3b PowerOutlet.o
                0x0080010f                app
 .bss.network   0x0080014a       0x42 PowerOutlet.o
                0x0080014a                network
 .bss.usart0_str
                0x0080018c        0x2 PowerOutlet.o
                0x0080018c                usart0_str
 *(COMMON)
 COMMON         0x0080018e        0x6 c:/program files (x86)/atmel/atmel toolchain/avr8 gcc/native/3.4.1061/avr8-gnu-toolchain/bin/../lib/gcc/avr/4.8.1/../../../../avr/lib/avr5\libc.a(iob.o)
                0x0080018e                __iob
 COMMON         0x00800194        0x4 c:/program files (x86)/atmel/atmel toolchain/avr8 gcc/native/3.4.1061/avr8-gnu-toolchain/bin/../lib/gcc/avr/4.8.1/../../../../avr/lib/avr5\libc.a(malloc.o)
                0x00800194                __brkval
                0x00800196                __flp
                0x00800198                PROVIDE (__bss_end, .)
                0x00002216                __data_load_start = LOADADDR (.data)
                0x0000221c                __data_load_end = (__data_load_start + SIZEOF (.data))

.noinit         0x00800198        0x0
                0x00800198                PROVIDE (__noinit_start, .)
 *(.noinit*)
                0x00800198                PROVIDE (__noinit_end, .)
                0x00800198                _end = .
                0x00800198                PROVIDE (__heap_start, .)

.eeprom         0x00810000        0x0
 *(.eeprom*)
                0x00810000                __eeprom_end = .

.fuse
 *(.fuse)
 *(.lfuse)
 *(.hfuse)
 *(.efuse)

.lock
 *(.lock*)

.signature
 *(.signature*)

.user_signatures
 *(.user_signatures*)

.stab
 *(.stab)

.stabstr
 *(.stabstr)

.stab.excl
 *(.stab.excl)

.stab.exclstr
 *(.stab.exclstr)

.stab.index
 *(.stab.index)

.stab.indexstr
 *(.stab.indexstr)

.comment        0x00000000       0x5c
 *(.comment)
 .comment       0x00000000       0x30 MQTTSN.o
                                 0x31 (size before relaxing)
 .comment       0x00000000       0x31 MQTTSNPacket.o
 .comment       0x00000000       0x31 RF24.o
 .comment       0x00000000       0x31 SensorNet.o
 .comment       0x00000000       0x31 SPI.o
 .comment       0x00000000       0x31 Timing.o
 .comment       0x00000000       0x31 PowerOutlet.o
 .comment       0x00000000       0x31 c:/program files (x86)/atmel/atmel toolchain/avr8 gcc/native/3.4.1061/avr8-gnu-toolchain/bin/../lib/gcc/avr/4.8.1/../../../../avr/lib/avr5\libc.a(fdevopen.o)
 .comment       0x00000000       0x31 c:/program files (x86)/atmel/atmel toolchain/avr8 gcc/native/3.4.1061/avr8-gnu-toolchain/bin/../lib/gcc/avr/4.8.1/../../../../avr/lib/avr5\libc.a(iob.o)
 .comment       0x00000000       0x31 c:/program files (x86)/atmel/atmel toolchain/avr8 gcc/native/3.4.1061/avr8-gnu-toolchain/bin/../lib/gcc/avr/4.8.1/../../../../avr/lib/avr5\libc.a(printf_p.o)
 .comment       0x00000030       0x2c c:/program files (x86)/atmel/atmel toolchain/avr8 gcc/native/3.4.1061/avr8-gnu-toolchain/bin/../lib/gcc/avr/4.8.1/../../../../avr/lib/avr5\libc.a(vfprintf_std.o)
                                 0x2d (size before relaxing)
 .comment       0x00000000       0x31 c:/program files (x86)/atmel/atmel toolchain/avr8 gcc/native/3.4.1061/avr8-gnu-toolchain/bin/../lib/gcc/avr/4.8.1/../../../../avr/lib/avr5\libc.a(calloc.o)
 .comment       0x00000000       0x31 c:/program files (x86)/atmel/atmel toolchain/avr8 gcc/native/3.4.1061/avr8-gnu-toolchain/bin/../lib/gcc/avr/4.8.1/../../../../avr/lib/avr5\libc.a(malloc.o)
 .comment       0x00000000       0x31 c:/program files (x86)/atmel/atmel toolchain/avr8 gcc/native/3.4.1061/avr8-gnu-toolchain/bin/../lib/gcc/avr/4.8.1/../../../../avr/lib/avr5\libc.a(fputc.o)

.note.gnu.build-id
 *(.note.gnu.build-id)

.debug
 *(.debug)

.line
 *(.line)

.debug_srcinfo
 *(.debug_srcinfo)

.debug_sfnames
 *(.debug_sfnames)

.debug_aranges  0x00000000      0x370
 *(.debug_aranges)
 .debug_aranges
                0x00000000       0x68 MQTTSN.o
 .debug_aranges
                0x00000068       0x40 MQTTSNPacket.o
 .debug_aranges
                0x000000a8      0x1b8 RF24.o
 .debug_aranges
                0x00000260       0x48 SensorNet.o
 .debug_aranges
                0x000002a8       0x48 SPI.o
 .debug_aranges
                0x000002f0       0x30 Timing.o
 .debug_aranges
                0x00000320       0x50 PowerOutlet.o

.debug_pubnames
 *(.debug_pubnames)

.debug_info     0x00000000     0x7001
 *(.debug_info .gnu.linkonce.wi.*)
 .debug_info    0x00000000     0x12b8 MQTTSN.o
 .debug_info    0x000012b8      0x4bf MQTTSNPacket.o
 .debug_info    0x00001777     0x3298 RF24.o
 .debug_info    0x00004a0f      0xd98 SensorNet.o
 .debug_info    0x000057a7      0x1be SPI.o
 .debug_info    0x00005965      0x165 Timing.o
 .debug_info    0x00005aca     0x1537 PowerOutlet.o

.debug_abbrev   0x00000000     0x1232
 *(.debug_abbrev)
 .debug_abbrev  0x00000000      0x322 MQTTSN.o
 .debug_abbrev  0x00000322      0x1fe MQTTSNPacket.o
 .debug_abbrev  0x00000520      0x44e RF24.o
 .debug_abbrev  0x0000096e      0x2bf SensorNet.o
 .debug_abbrev  0x00000c2d       0xf4 SPI.o
 .debug_abbrev  0x00000d21       0xf4 Timing.o
 .debug_abbrev  0x00000e15      0x41d PowerOutlet.o

.debug_line     0x00000000     0x1146
 *(.debug_line .debug_line.* .debug_line_end)
 .debug_line    0x00000000      0x1a5 MQTTSN.o
 .debug_line    0x000001a5      0x2bc MQTTSNPacket.o
 .debug_line    0x00000461      0x772 RF24.o
 .debug_line    0x00000bd3      0x12f SensorNet.o
 .debug_line    0x00000d02      0x117 SPI.o
 .debug_line    0x00000e19       0xf3 Timing.o
 .debug_line    0x00000f0c      0x23a PowerOutlet.o

.debug_frame    0x00000000      0xb90
 *(.debug_frame)
 .debug_frame   0x00000000      0x168 MQTTSN.o
 .debug_frame   0x00000168       0x84 MQTTSNPacket.o
 .debug_frame   0x000001ec      0x770 RF24.o
 .debug_frame   0x0000095c       0xc0 SensorNet.o
 .debug_frame   0x00000a1c       0x74 SPI.o
 .debug_frame   0x00000a90       0x6c Timing.o
 .debug_frame   0x00000afc       0x94 PowerOutlet.o

.debug_str      0x00000000     0x136a
 *(.debug_str)
 .debug_str     0x00000000      0xd7a MQTTSN.o
                                0xe88 (size before relaxing)
 .debug_str     0x00000d7a       0x5c MQTTSNPacket.o
                                0x31d (size before relaxing)
 .debug_str     0x00000dd6      0x36c RF24.o
                                0xe81 (size before relaxing)
 .debug_str     0x00001142       0x3c SensorNet.o
                                0xbcd (size before relaxing)
 .debug_str     0x0000117e       0x48 SPI.o
                                0x246 (size before relaxing)
 .debug_str     0x000011c6       0x6c Timing.o
                                0x1f0 (size before relaxing)
 .debug_str     0x00001232      0x138 PowerOutlet.o
                                0xfb5 (size before relaxing)

.debug_loc      0x00000000     0x3822
 *(.debug_loc)
 .debug_loc     0x00000000      0x45c MQTTSN.o
 .debug_loc     0x0000045c      0x509 MQTTSNPacket.o
 .debug_loc     0x00000965     0x296e RF24.o
 .debug_loc     0x000032d3      0x297 SensorNet.o
 .debug_loc     0x0000356a       0x9b SPI.o
 .debug_loc     0x00003605      0x135 Timing.o
 .debug_loc     0x0000373a       0xe8 PowerOutlet.o

.debug_macinfo
 *(.debug_macinfo)

.debug_weaknames
 *(.debug_weaknames)

.debug_funcnames
 *(.debug_funcnames)

.debug_typenames
 *(.debug_typenames)

.debug_varnames
 *(.debug_varnames)

.debug_pubtypes
 *(.debug_pubtypes)

.debug_ranges   0x00000000      0x318
 *(.debug_ranges)
 .debug_ranges  0x00000000       0x58 MQTTSN.o
 .debug_ranges  0x00000058       0x30 MQTTSNPacket.o
 .debug_ranges  0x00000088      0x1c0 RF24.o
 .debug_ranges  0x00000248       0x38 SensorNet.o
 .debug_ranges  0x00000280       0x38 SPI.o
 .debug_ranges  0x000002b8       0x20 Timing.o
 .debug_ranges  0x000002d8       0x40 PowerOutlet.o

.debug_macro
 *(.debug_macro)
OUTPUT(PowerOutlet.elf elf32-avr)
LOAD linker stubs
